GGZ Centraal
Hallefors
Bergkwartier
Artemis
Zon En Schild
Sherpa
Sherpa Dieze
Antroposofisch Verpleeghuis
Clinica Roks
De Bremhorst
De Dertiende Maan
De Viken
Helen Dowling Instituut
Leendert Meeshuis
Prinses Maxima Centrum
De Wijngaard
De Wyngaard
Dennendal
Reinaerde
Bartimeus
Bartimeushage
Barthimeushage
Zonnehuis
Houtenserf
Abrona
Lisiduinahof
ADHD Centraal
Vitras
Heimerstein
Dame Menkveld
De Bundeling
Vliegbasis Soesterberg
Centraal Militair Hospitaal
Vela
De Drie Uilen
De Heijgraeff
De Lichtenberch
De Parkgraaf
De Waag
Demuwahu
Julius Gezondheidscentra
Hogerzeil
Intbrein
Levensverz
Locum Ga
Mauritskliniek
Medtzorg
Mggz Utrecht
Militair Geestelijke Gezondheidszorg
Reinaerde
De Heygraeff
Saltro
Dokkum
Knoopkazerne
UMC Utrecht
Academisch Ziekenhuis Utrecht
Van Gasselt
Breedstraat
Rosendael
Koningsbruggen
Zorgmeesters
Crusada
Medicasa
Roubos
Vecht En Zaan
Widar
Dencor Company
Veldheim
Stenia
Bovenwegen
Hoofdpijnpolikliniek
Rapsydie
Diamuraal
Symforameander
Altaconsult
Oogkliniek
Burn Out
Spechtenkamp
Cascade
Eerstelijns Behandelcentra
Gezonde Geest
Maliebaan
Victas
Titan
Upper Room
De Bron
Vreeland
Bontenbal
De Gulden Snede
Schoorel
Mapta
Clotscher
Leiblum
Quarijn
Dermalink
Eleos
Meander Medisch Centrum
S Heeren Loo
Sinai
GGZ Centraal
Symforameander
Birkhoven
De Amerpoort
De Blinkert
Alexander Monro
Altrecht
Aventurijn
Willem Arntsz
Helen Dowling Instituut
RIVM
Riagg
Altrecht
Rivm
Viken
Altrecht
Biltse Hof
Dennendal
Chris Sanatorium
Rumke Groep
Bethesda
Nassau Odyckhof
Het Houtens Erf
Abrona
Careyn Zorgcentrum
Geinsche Hof
Drs H Pekelharing
St. Antonius Ziekenhuis
Verzorgingshuis Vreeswyk
Zorgpalet
Hart En Vaatgroep
Academisch Sportmedisch Centrum
Ander Ziekenhuis
Axion Voorhoevehuis
Bedrijfsbureau
Burgerziekenhuis
Centraal Militair Hospitaal Bacteriologie
Chiron Corporation Study
Civilian Medical Care
Companion Diagnostics
Cyt Universitair
Das Studie
De Hoogstraat
Decubitus
Dermis
Diakonessenhuis
FS Meyersinstituut
Dysselhofkliniek
Finspong
Juliuscentrum
Heart For Health
Oogheelkunde Centrum Visie
Eyescan
Huis Van Bewaring Nieuwersluis
IKMN
Kinderurologie
Krisiscentrum
Marine Hospitaal
Mesos
Angio van Carotiss
Kampstichting
Sabu Huis
Pieter Baan Centrum
St Continu
Bynkershoek
Onderzoek Metab
Muiderpoort
Dongemond St Theresia
Trombose Dienst
Sticht Leidse
Dianet
Heartlife
Hymans Van Den Bergh
Julius Centrum
Stratenum
Preventicon
Studie Amgen
Temozolomide
Trial Begut
Universiteit Utrecht
Tamarinde
Tolsteeg
Vroeg Determinanten
Wilhelmina Kinderziekenhuis
Afdeling Dolfijn
Afdeling Panda 1
Afdeling Panda 2
Wolfshoek
Zeylmanns V Emmichovenkliniek
Hofman La Roche
Mariaoord
Maartenskliniek
Weddesteyn
Zuwe Hofpoort
Janivo
Nijenheim
Petrus Werthweyn
St Warande
Bovenwegen
Heuvelrug
Van Tellingen
Xpert Clinic
Zonnehuizen
De Trappenberg





Mesos Medisch Centrum
Diakonessenhuis
Centraal Militair Hospitaal
UMC
UMCU
De Hoogstraat
Altrecht
Dr Henri van der Hoeven Kliniek
Dr Fs Meijers Instituut
Altrecht locatie Centrum Maliebaan
Psych.afdeling Militair Hospitaal
Kentalis Zorg
Bartholomeus Gasthuis
De Bijnkershoek
't Huis aan de Vecht
Aveant
Tolsteeg
Transwijk
De Wartburg
Zuylenstede
Plantage
Albert van Koningsbruggen
Voorhoeve
Zuwe zorg
Zuylenstede
Drie Ringen
Ingelanden

Transwijk
't Zand
De Blinkert
De Biltse Grift
't Bolwerk
De Kei
GVT Faros
Voordorp
De Vuurdoorn
GVT De Opbouw
Oikos
RIBW Beschermende Woonvormen
RIBW Leger des Heils
Centrum Vaartserijn
Singelzicht
De Tussenvoorziening
HBank
Jan Arends
Het Helen Dowling Instituut
Weerdsingel
De Tusenvoorziening
VieJa
Illuminatus
NOAGG
7nP
HSK
Harting Bank
Zorgconcept
De Wielewaal
Stade
Multiculturele Dagverzorging
Baantraject Care en Preventie
Het geloof in 't Hart
Montas ordening en coaching
Jan Arends GGZ
Thuiszorgservice Nederland
Joost Zorgt Nederland
Hart voor Nederland
Weids
Het Centrum
St. Flexicare
Intermedicare
Zorgnet Thuisbest
Thuishulp Zorgzaam
PrivaZorg AWBZ
Samenzorg Diensten
Buurtzorg Nederland
Multi Maatzorg
DC zorg op Tijd
Medicare Haaglanden
Oosten
Het Centrum
ZorgBewust
Multi Maatzorg
Joost Zorgt Nederland
Klavertje Vier
Karma Health Care
Sigma zorg

Zonnehuizen Kind en Jeugd
Arta Projecten
Zonnehuizen Veldheim
Bartimeus
De Amandelhof
Warande
De Looborch
De Mirtehof
Huize Valkenbosch
Bovenwegen
Warande
Amandelhof
De Looborch
De Heuvelrug
Dreeslaan
De Berk
Kwintes
Timon
Trajectum Novum
WelCom Careshop
Focus Cura Telezorg
Zeisterwoude Extra Murale Zorg
Interzorg Regulier
PrivaZorg
Groot Gelre
de Heuvelrug
Welcom careshop

Huize Salvia
Beukenstein
Rehoboth
Sparrenheide
Beukenstein
Nassau Odijckhof
Hondspol
Magenta
GVT Damhert
Philadelphia Zorg
Arcohove
De Hondspol
Barents en Broekhuis Psychotherapeuten
NKCV
Demisal Communicatie
Zorg Thuis

Meander Medisch Centrum
Symfora Groep
Het Sinai Centrum
Kentalis Zorg
Amaris De Amerhorst
Burgemeester van Randwijckhuis
De Koperhorst
De Lichtenberg
De Liendert
Nijenstede
Birkhoven Zorggoed
St. Pieters en Blokland
KBO Agnietenhove
Blom Stichting
De Lichtenberg
St. Elisabeth
Villa Hooghe Heide
Dedoensserre
De Horizon
IKS
Miroya
HSK
Pedagogen Psychologen Praktijk Salm en Martin
PsyQ
Ambulante Begeleiding Het Spectrum
St. Eemland
Quintes
St. Intermedicare Eemland
PrivaZorg AWBZ
Nijho
KAG Zorg
Solide Zorg
RIAGG

Ewoud Gasthuis
Marienstein
Isselwaerde
De Weiderij
De Bongerd

St. Antonius Ziekenhuis
Eleos
Vreeswijk
Zuilenstein
De Geinsche Hof
De Doorslag
De Batau
Nedereind
De Grienden
De Akker
Skippy
RIBW Eleos
Theater Totaal
KidzTower
Vitras
CMD
AllerZorg
Seracosa
Zorginstelling Together
RIAGG Eleos

Bernhard Lievegoed Kliniek
De Bremhorst
De Koperwiek
Warande
Amandelboom
Huize Het Oosten
Verpleeghuis De Biltse Hof
Leendert Meeshuis
De Wiltzangk
Mentaal Beter
Stoute Schoenen
PsyQ Utrecht BV
Zorggarant
Weltevreden
Bunninchem
Krommerijnhof

Huize Sonneheerdt
Fidalelfia Zorgverlening
Haltna
Het Houtens Erf
De Zwaluw
Sonneheerdt
Max Ernst
PrivaZorg
Profzorg
STAGG

Jozefzorg
Do Care Nederland
Nijevelt
WZC Veldhof
Makhan Reintegratie en Mediation

Maria Dommer
Merenhoef
Zuwe Zorg
Snavelenburg
Daelsche Hoek
GVT De Reiger
Bosman Geestelijke Gezondheidszorg
STN Zorg

Zuwe Hofpoort Ziekenhuis
't Oude Landt
Zuwe Zorg
Huize De Vossenschans
Zuwe Zorg
Weddesteijn
De Heem
Nedzorg Woerden
AllerZorg

De Aa


Academisch Medisch Centrum
AMC
Academisch Ziekenhuis Maastricht
Albert Schweitzer Ziekenhuis
Stichting Rijnstate
Amphia Ziekenhuis
Antonius Zorggroep
Atrium Medisch Centrum
BovenIJ Ziekenhuis
Canisius Wilhelmina Ziekenhuis
Catharina Ziekenhuis
De Tjongerschans
Ommelander Ziekenhuisgroep
Diaconessenhuis Leiden
Diakonessenhuis
Elkerliek Ziekenhuis
Erasmus Medisch Centrum
Flevoziekenhuis
Franciscus Ziekenhuis
Gelre Ziekenhuizen
Groene Hart Ziekenhuis
Havenziekenhuis
IJsselland Ziekenhuis
MC Groep
Ikazia Ziekenhuis
Isala Klinieken
Jeroen Bosch Ziekenhuis
Kennemer Gasthuis
Laurentius Ziekenhuis
Leids Universitair Medisch Centrum
Martini Ziekenhuis
Maxima Medisch Centrum
Meander Medisch Centrum
MCA Gemini Groep
Medisch Centrum Haaglanden
Maasstad ziekenhuis
Medisch Spectrum Twente
Admiraal De Ruyter Ziekenhuis
Orbis Medisch en Zorgconcern
Pantein
Stichting Reinier Haga Groep
Rijnland Ziekenhuis
Rivas Zorggroep
Rode Kruis Ziekenhuis
Ruwaard Van Putten Ziekenhuis
Saxenburgh Groep
Slingeland Ziekenhuis
Slotervaartziekenhuis
Spaarne Ziekenhuis
St. Anna Zorggroep
St. Antonius Ziekenhuis
St. Elisabeth Ziekenhuis
St. Jans Gasthuis
Ziekenhuis St. Jansdal
St. Lucas Andreas Ziekenhuis
Onze Lieve Vrouwe Gasthuis
Stichting Bronovo Nebo
Nij Smellinghe
Pasana Zorggroep
Stichting Deventer Ziekenhuisgroep
Stichting het Van Weel Bethesda Ziekenhuis
Tergooiziekenhuizen
Stichting Ziekenhuis Lievensberg
Streekziekenhuis Koningin Beatrix
't Lange Land Ziekenhuis
TweeSteden ziekenhuis
Universitair Medisch Centrum Groningen
Universitair Medisch Centrum St. Radboud
Universitair Medisch Centrum Utrecht
VieCuri Medisch Centrum
Sint Franciscus
Vlietland Groep
VU Medisch Centrum
Waterlandziekenhuis
Westfries Gasthuis
Wilhelmina Ziekenhuis Assen
Zaans Medisch Centrum
Ziekenhuis Amstelland
Ziekenhuis Bernhoven
Ziekenhuis De Gelderse Vallei
Ziekenhuis Rivierenland
ZorgSaam Zeeuws Vlaanderen
Ziekenhuisgroep Twente
Zorgcombinatie Noorderboog
Zorgpartners Friesland
Zorggroep Leveste Middenveld
Zuwe
Medisch Centrum Amstelveen
Academisch Ziekenhuis Maastricht
Academisch Ziekenhuis Maastricht
Albert Schweitzer Ziekenhuis
Stichting Rijnstate
Amphia Ziekenhuis
Antonius Zorggroep
Atrium Medisch Centrum
BovenIJ Ziekenhuis
Canisius Wilhelmina Ziekenhuis
Catharina Ziekenhuis
De Tjongerschans
Ommelander Ziekenhuisgroep
Diaconessenhuis Leiden
Diakonessenhuis
Elkerliek Ziekenhuis
Erasmus Medisch Centrum
Flevoziekenhuis
Franciscus Ziekenhuis
Gelre Ziekenhuizen
Groene Hart Ziekenhuis
Havenziekenhuis
IJsselland Ziekenhuis
MC Groep
Ikazia Ziekenhuis
Isala Klinieken
Jeroen Bosch Ziekenhuis
Kennemer Gasthuis
Laurentius Ziekenhuis
Leids Universitair Medisch Centrum
Martini Ziekenhuis
Maxima Medisch Centrum
Meander Medisch Centrum
MCA Gemini Groep
Medisch Centrum Haaglanden
Maasstad ziekenhuis
Medisch Spectrum Twente
Admiraal De Ruyter Ziekenhuis
Orbis Medisch en Zorgconcern
Pantein
Stichting Reinier Haga Groep
Rijnland Ziekenhuis
Rivas Zorggroep
Rode Kruis Ziekenhuis
Ruwaard Van Putten Ziekenhuis
Saxenburgh Groep
Slingeland Ziekenhuis
Slotervaartziekenhuis
Spaarne Ziekenhuis
St. Anna Zorggroep
St. Antonius Ziekenhuis
St. Elisabeth Ziekenhuis
St. Jans Gasthuis
Ziekenhuis St. Jansdal
St. Lucas Andreas Ziekenhuis
Onze Lieve Vrouwe Gasthuis
Stichting Bronovo Nebo
Nij Smellinghe
Pasana Zorggroep
Stichting Deventer Ziekenhuisgroep
Stichting het Van Weel Bethesda Ziekenhuis
Tergooiziekenhuizen
Stichting Ziekenhuis Lievensberg
Streekziekenhuis Koningin Beatrix
't Lange Land Ziekenhuis
TweeSteden ziekenhuis
Universitair Medisch Centrum Groningen
Universitair Medisch Centrum St. Radboud
Universitair Medisch Centrum Utrecht
VieCuri Medisch Centrum
Sint Franciscus
Vlietland Groep
VU Medisch Centrum
Waterlandziekenhuis
Westfries Gasthuis
Wilhelmina Ziekenhuis Assen
Zaans Medisch Centrum
Ziekenhuis Amstelland
Ziekenhuis Bernhoven
Ziekenhuis De Gelderse Vallei
Ziekenhuis Rivierenland
ZorgSaam Zeeuws Vlaanderen
Ziekenhuisgroep Twente
Zorgcombinatie Noorderboog
Zorgpartners Friesland
Zorggroep Leveste Middenveld
Zuwe
Medisch Centrum Amstelveen
virenze
riagg
ribw
antonius
abc
reinarde
Sinai-centrum
dinsele
st. antonius
leo kannerhuis
karakter
be open
b-open
antonius zkh
save
samen veilig
eikeboom
psychosomatiek eikeboom
marina de wolf
uwv
mauritzhof
meander
de enk
bureau paardeveld
paardeveld
sbwu
rintveld
fact
youk
sbo kristal
sbo
lijn 5
wij 3.0
bosmanggz
molemann tielens
molemann
psytrecht
de bascule
ipg
wier
aventurijn
aventurijn wier
herlaarhof
pro persona
intermetzo
de keerkring
psycho informa groep
stichting geynwijs
geynwijs
de evenaar
redl
redl-school
redlschool
redl school
wellant
wellantcollege
vosseveld
psymens
jeugdzorg
tergooi
tergooi ziekenhuis
care for change
altrecht senior
fornhese
gelderse vallei
bernard lievegoed kliniek
molemann tielens
brinkwal
rivierduinen
de passie
